// Jest Snapshot v1, https://goo.gl/fbAQLP

exports[`config should configure defaults 1`] = `
{
  "contentStackDeliveryApi": {
    "environment": "test-sandbox",
  },
  "dbName": "test-vendors",
  "dbPassword": "P@ssword1",
  "dbPort": 27017,
  "dbUrl": "mongodb://user:P@ssword1@127.0.0.1:12345/test-vendors?ssl=false&connectTimeoutMS=5000&maxPoolSize=50",
  "dbUser": "user",
  "hasAuthDetails": true,
  "isDev": false,
  "isInMemoryDatabase": true,
  "isProd": false,
  "isTest": true,
  "port": 5555,
  "sapApi": {
    "jwt_expire_time": "15m",
    "jwt_secret": "hard!to-guess_secret",
  },
  "version": "0.0.1",
}
`;
